// Jest Snapshot v1, https://goo.gl/fbAQLP

exports[`ListCampersMobile component tests matches snapshot 1`] = `
<Collapse
  activeKey={Array []}
  className="master-view__menu"
  ghost={true}
  onChange={[MockFunction]}
>
  <CollapsePanel
    header={
      <Item
        id="0a91a2b1-3501-4c71-ae07-eae3d280f861"
        img="https://vancation-api-staging-assets.s3.us-west-1.amazonaws.com/store/camperphoto/54b394d3-d9ef-4698-acb0-0799932f1add/photo/585ec167567095de53f90cbcd0eb31b3.jpg"
        label="camper first"
        showArrow={true}
        subtitle="9544432"
      />
    }
    key="uuid/v4"
    showArrow={false}
  >
    <ul
      className="master-view__menu-list"
    >
      <Item
        id="0a91a2b1-3501-4c71-ae07-eae3d280f861"
        img="https://vancation-api-staging-assets.s3.us-west-1.amazonaws.com/store/camperphoto/54b394d3-d9ef-4698-acb0-0799932f1add/photo/585ec167567095de53f90cbcd0eb31b3.jpg"
        key="0a91a2b1-3501-4c71-ae07-eae3d280f861"
        label="camper first"
        showArrow={false}
        subtitle="9544432"
      />
      <Item
        id="22b70626-9334-4855-8ee4-d0e5d1d0192b"
        img="/images/camper-default.jpg"
        key="22b70626-9334-4855-8ee4-d0e5d1d0192b"
        label="Volkswagen California 6.1 4x4 VW Bus in Los Angeles, California, United States"
        showArrow={false}
        subtitle="1147333"
      />
    </ul>
  </CollapsePanel>
</Collapse>
`;
