// Jest Snapshot v1, https://goo.gl/fbAQLP

exports[`buildHttpClient() returns new instance of axios 1`] = `
Object {
  "baseURL": "https://test/api-host.com/api/v1",
  "headers": Object {
    "common": Object {},
  },
  "paramsSerializer": [Function],
}
`;
