// Jest Snapshot v1, https://goo.gl/fbAQLP

exports[`ImportCalendarSection container tests matches snapshot 1`] = `
<ImportCalendarSection
  camperId="camperId"
  onShowImportModal={[Function]}
  showModal={[Function]}
  store={
    Object {
      "clearActions": [Function],
      "dispatch": [MockFunction],
      "getActions": [Function],
      "getState": [Function],
      "replaceReducer": [Function],
      "subscribe": [Function],
    }
  }
/>
`;
